#
# There is insufficient memory for the Java Runtime Environment to continue.
# Native memory allocation (malloc) failed to allocate 1063456 bytes. Error detail: Chunk::new
# Possible reasons:
#   The system is out of physical RAM or swap space
#   This process is running with CompressedOops enabled, and the Java Heap may be blocking the growth of the native heap
# Possible solutions:
#   Reduce memory load on the system
#   Increase physical memory or swap space
#   Check if swap backing store is full
#   Decrease Java heap size (-Xmx/-Xms)
#   Decrease number of Java threads
#   Decrease Java thread stack sizes (-Xss)
#   Set larger code cache with -XX:ReservedCodeCacheSize=
#   JVM is running with Zero Based Compressed Oops mode in which the Java heap is
#     placed in the first 32GB address space. The Java Heap base address is the
#     maximum limit for the native heap growth. Please use -XX:HeapBaseMinAddress
#     to set the Java Heap base and to place the Java Heap above 32GB virtual address.
# This output file may be truncated or incomplete.
#
#  Out of Memory Error (arena.cpp:168), pid=5636, tid=28712
#
# JRE version: OpenJDK Runtime Environment Temurin-21.0.10+7 (21.0.10+7) (build 21.0.10+7-LTS)
# Java VM: OpenJDK 64-Bit Server VM Temurin-21.0.10+7 (21.0.10+7-LTS, mixed mode, sharing, tiered, compressed oops, compressed class ptrs, g1 gc, windows-amd64)
# No core dump will be written. Minidumps are not enabled by default on client versions of Windows
#

---------------  S U M M A R Y ------------

Command Line: --add-opens=java.base/java.lang=ALL-UNNAMED --add-opens=java.base/java.lang.invoke=ALL-UNNAMED --add-opens=java.base/java.util=ALL-UNNAMED --add-opens=java.prefs/java.util.prefs=ALL-UNNAMED --add-exports=jdk.compiler/com.sun.tools.javac.api=ALL-UNNAMED --add-exports=jdk.compiler/com.sun.tools.javac.util=ALL-UNNAMED --add-opens=java.base/java.util=ALL-UNNAMED --add-opens=java.prefs/java.util.prefs=ALL-UNNAMED --add-opens=java.base/java.nio.charset=ALL-UNNAMED --add-opens=java.base/java.net=ALL-UNNAMED --add-opens=java.base/java.util.concurrent.atomic=ALL-UNNAMED --add-opens=java.xml/javax.xml.namespace=ALL-UNNAMED -XX:MaxMetaspaceSize=512m -XX:+HeapDumpOnOutOfMemoryError -Xmx4096m -Dfile.encoding=UTF-8 -Duser.country=US -Duser.language=en -Duser.variant -javaagent:D:\gh\wrapper\dists\gradle-8.14.3-bin\cv11ve7ro1n3o1j4so8xd9n66\gradle-8.14.3\lib\agents\gradle-instrumentation-agent-8.14.3.jar org.gradle.launcher.daemon.bootstrap.GradleDaemon 8.14.3

Host: AMD Ryzen 7 4800H with Radeon Graphics         , 16 cores, 15G,  Windows 11 , 64 bit Build 26100 (10.0.26100.8875)
Time: Thu Jul 30 15:21:26 2026 India Standard Time elapsed time: 69.328166 seconds (0d 0h 1m 9s)

---------------  T H R E A D  ---------------

Current thread (0x00000274d07d84f0):  JavaThread "C2 CompilerThread0" daemon [_thread_in_native, id=28712, stack(0x0000009669e00000,0x0000009669f00000) (1024K)]


Current CompileTask:
C2:69328 12185   !   4       sun.security.ssl.SSLCipher$T13GcmReadCipherGenerator$GcmReadCipher::decrypt (555 bytes)

Stack: [0x0000009669e00000,0x0000009669f00000]
Native frames: (J=compiled Java code, j=interpreted, Vv=VM code, C=native code)
V  [jvm.dll+0x6d7a39]
V  [jvm.dll+0x8b4b26]
V  [jvm.dll+0x8b70de]
V  [jvm.dll+0x8b77c3]
V  [jvm.dll+0x284346]
V  [jvm.dll+0xc66ed]
V  [jvm.dll+0xc6c31]
V  [jvm.dll+0x2fb29e]
V  [jvm.dll+0x5fe884]
V  [jvm.dll+0x255b17]
V  [jvm.dll+0x255edd]
V  [jvm.dll+0x24e500]
V  [jvm.dll+0x24ba42]
V  [jvm.dll+0x1cb34e]
V  [jvm.dll+0x25b85d]
V  [jvm.dll+0x259dea]
V  [jvm.dll+0x3f857e]
V  [jvm.dll+0x85f59d]
V  [jvm.dll+0x6d626d]
C  [ucrtbase.dll+0x2cd30]
C  [KERNEL32.DLL+0x2e957]
C  [ntdll.dll+0xaad6c]


---------------  P R O C E S S  ---------------

Threads class SMR info:
_java_thread_list=0x00000274f67a22e0, length=99, elements={
0x00000274b08536e0, 0x00000274d047a190, 0x00000274d047cd00, 0x00000274d047e1e0,
0x00000274d047ec40, 0x00000274d047f6a0, 0x00000274d0482240, 0x00000274d07d84f0,
0x00000274d07d90c0, 0x00000274d0957000, 0x00000274d0aaf530, 0x00000274f19b23c0,
0x00000274f0c90e00, 0x00000274f0c15010, 0x00000274f1a1d5d0, 0x00000274f1a1e050,
0x00000274f1c28770, 0x00000274f1bf2310, 0x00000274f1bf3030, 0x00000274f1bf36c0,
0x00000274f1bf0240, 0x00000274f1bf15f0, 0x00000274f1bf08d0, 0x00000274f1bf29a0,
0x00000274f1bf1c80, 0x00000274f2333910, 0x00000274f2332bf0, 0x00000274f2333280,
0x00000274f2334630, 0x00000274f23311b0, 0x00000274f2334cc0, 0x00000274f2331840,
0x00000274f2332560, 0x00000274f2335350, 0x00000274f2337420, 0x00000274f2336070,
0x00000274f2336700, 0x00000274f23387d0, 0x00000274f23359e0, 0x00000274f0c5bd50,
0x00000274f0c5ca70, 0x00000274f0c5a9a0, 0x00000274f0c5f860, 0x00000274f0c5e4b0,
0x00000274f0c5eb40, 0x00000274f0c5f1d0, 0x00000274f0c5fef0, 0x00000274f0c60580,
0x00000274f0c5d100, 0x00000274f0c612a0, 0x00000274f0c61930, 0x00000274f0c60c10,
0x00000274f0c61fc0, 0x00000274f6011150, 0x00000274f600dcd0, 0x00000274f600f710,
0x00000274f600fda0, 0x00000274f6010430, 0x00000274f6010ac0, 0x00000274f60117e0,
0x00000274f600e360, 0x00000274f600f080, 0x00000274f6011e70, 0x00000274f600e9f0,
0x00000274f6012500, 0x00000274f60152f0, 0x00000274f6013f40, 0x00000274f6012b90,
0x00000274f60145d0, 0x00000274f6013220, 0x00000274f60138b0, 0x00000274f6014c60,
0x00000274f39f21f0, 0x00000274f39f2880, 0x00000274f39f35a0, 0x00000274f39f3c30,
0x00000274f39f2f10, 0x00000274f39f42c0, 0x00000274f39f0e40, 0x00000274f39f1b60,
0x00000274f39f4950, 0x00000274f39f14d0, 0x00000274f39f5d00, 0x00000274f39f7dd0,
0x00000274f39f6a20, 0x00000274f6cb6c50, 0x00000274f6cb8d20, 0x00000274f5450a00,
0x00000274f5451720, 0x00000274f5453160, 0x00000274f5453e80, 0x00000274f5452ad0,
0x00000274f5454510, 0x00000274f54537f0, 0x00000274f5451090, 0x00000274f5455230,
0x00000274f5452440, 0x00000274f5451db0, 0x00000274f5457300
}

Java Threads: ( => current thread )
  0x00000274b08536e0 JavaThread "main"                              [_thread_blocked, id=1072, stack(0x0000009669000000,0x0000009669100000) (1024K)]
  0x00000274d047a190 JavaThread "Reference Handler"          daemon [_thread_blocked, id=8168, stack(0x0000009669800000,0x0000009669900000) (1024K)]
  0x00000274d047cd00 JavaThread "Finalizer"                  daemon [_thread_blocked, id=17928, stack(0x0000009669900000,0x0000009669a00000) (1024K)]
  0x00000274d047e1e0 JavaThread "Signal Dispatcher"          daemon [_thread_blocked, id=33064, stack(0x0000009669a00000,0x0000009669b00000) (1024K)]
  0x00000274d047ec40 JavaThread "Attach Listener"            daemon [_thread_blocked, id=11660, stack(0x0000009669b00000,0x0000009669c00000) (1024K)]
  0x00000274d047f6a0 JavaThread "Service Thread"             daemon [_thread_blocked, id=14132, stack(0x0000009669c00000,0x0000009669d00000) (1024K)]
  0x00000274d0482240 JavaThread "Monitor Deflation Thread"   daemon [_thread_blocked, id=30528, stack(0x0000009669d00000,0x0000009669e00000) (1024K)]
=>0x00000274d07d84f0 JavaThread "C2 CompilerThread0"         daemon [_thread_in_native, id=28712, stack(0x0000009669e00000,0x0000009669f00000) (1024K)]
  0x00000274d07d90c0 JavaThread "C1 CompilerThread0"         daemon [_thread_blocked, id=2432, stack(0x0000009669f00000,0x000000966a000000) (1024K)]
  0x00000274d0957000 JavaThread "Common-Cleaner"             daemon [_thread_blocked, id=1792, stack(0x000000966a000000,0x000000966a100000) (1024K)]
  0x00000274d0aaf530 JavaThread "Notification Thread"        daemon [_thread_blocked, id=13552, stack(0x000000966a100000,0x000000966a200000) (1024K)]
  0x00000274f19b23c0 JavaThread "Daemon health stats"               [_thread_blocked, id=3092, stack(0x000000966a600000,0x000000966a700000) (1024K)]
  0x00000274f0c90e00 JavaThread "Incoming local TCP Connector on port 49694"        [_thread_in_native, id=21244, stack(0x000000966ac00000,0x000000966ad00000) (1024K)]
  0x00000274f0c15010 JavaThread "Daemon periodic checks"            [_thread_blocked, id=16356, stack(0x000000966ad00000,0x000000966ae00000) (1024K)]
  0x00000274f1a1d5d0 JavaThread "Daemon"                            [_thread_blocked, id=14852, stack(0x000000966ae00000,0x000000966af00000) (1024K)]
  0x00000274f1a1e050 JavaThread "Handler for socket connection from /127.0.0.1:49694 to /127.0.0.1:49695"        [_thread_in_native, id=6392, stack(0x000000966af00000,0x000000966b000000) (1024K)]
  0x00000274f1c28770 JavaThread "Cancel handler"                    [_thread_blocked, id=26616, stack(0x000000966b000000,0x000000966b100000) (1024K)]
  0x00000274f1bf2310 JavaThread "Daemon worker"                     [_thread_in_native, id=28172, stack(0x000000966b100000,0x000000966b200000) (1024K)]
  0x00000274f1bf3030 JavaThread "Asynchronous log dispatcher for DefaultDaemonConnection: socket connection from /127.0.0.1:49694 to /127.0.0.1:49695"        [_thread_blocked, id=4600, stack(0x000000966b200000,0x000000966b300000) (1024K)]
  0x00000274f1bf36c0 JavaThread "Stdin handler"                     [_thread_blocked, id=15864, stack(0x000000966b300000,0x000000966b400000) (1024K)]
  0x00000274f1bf0240 JavaThread "Daemon client event forwarder"        [_thread_blocked, id=31564, stack(0x000000966b400000,0x000000966b500000) (1024K)]
  0x00000274f1bf15f0 JavaThread "Cache worker for journal cache (D:\gh\caches\journal-1)"        [_thread_blocked, id=32356, stack(0x000000966b500000,0x000000966b600000) (1024K)]
  0x00000274f1bf08d0 JavaThread "File lock request listener"        [_thread_in_native, id=27016, stack(0x000000966b600000,0x000000966b700000) (1024K)]
  0x00000274f1bf29a0 JavaThread "Cache worker for file hash cache (D:\gh\caches\8.14.3\fileHashes)"        [_thread_blocked, id=10584, stack(0x000000966b700000,0x000000966b800000) (1024K)]
  0x00000274f1bf1c80 JavaThread "Cache worker for file hash cache (D:\mobidragfull\app\mobie\android\.gradle\8.14.3\fileHashes)"        [_thread_blocked, id=29320, stack(0x000000966be00000,0x000000966bf00000) (1024K)]
  0x00000274f2333910 JavaThread "Cache worker for Build Output Cleanup Cache (D:\mobidragfull\app\mobie\android\.gradle\buildOutputCleanup)"        [_thread_blocked, id=17496, stack(0x000000966bf00000,0x000000966c000000) (1024K)]
  0x00000274f2332bf0 JavaThread "File watcher server"        daemon [_thread_in_native, id=6452, stack(0x000000966c000000,0x000000966c100000) (1024K)]
  0x00000274f2333280 JavaThread "File watcher consumer"      daemon [_thread_blocked, id=23368, stack(0x000000966c100000,0x000000966c200000) (1024K)]
  0x00000274f2334630 JavaThread "jar transforms"                    [_thread_blocked, id=3812, stack(0x000000966c200000,0x000000966c300000) (1024K)]
  0x00000274f23311b0 JavaThread "Cache worker for checksums cache (D:\mobidragfull\app\mobie\android\.gradle\8.14.3\checksums)"        [_thread_blocked, id=14944, stack(0x000000966c300000,0x000000966c400000) (1024K)]
  0x00000274f2334cc0 JavaThread "Cache worker for file content cache (D:\gh\caches\8.14.3\fileContent)"        [_thread_blocked, id=32112, stack(0x000000966c400000,0x000000966c500000) (1024K)]
  0x00000274f2331840 JavaThread "Cache worker for cache directory md-supplier (D:\gh\caches\8.14.3\md-supplier)"        [_thread_blocked, id=31568, stack(0x000000966c500000,0x000000966c600000) (1024K)]
  0x00000274f2332560 JavaThread "Cache worker for cache directory md-rule (D:\gh\caches\8.14.3\md-rule)"        [_thread_blocked, id=15216, stack(0x000000966c600000,0x000000966c700000) (1024K)]
  0x00000274f2335350 JavaThread "Cache worker for Build Output Cleanup Cache (D:\mobidragfull\app\mobie\node_modules\@react-native\gradle-plugin\.gradle\buildOutputCleanup)"        [_thread_blocked, id=12956, stack(0x000000966c900000,0x000000966ca00000) (1024K)]
  0x00000274f2337420 JavaThread "Unconstrained build operations"        [_thread_blocked, id=21744, stack(0x000000966c800000,0x000000966c900000) (1024K)]
  0x00000274f2336070 JavaThread "Unconstrained build operations Thread 2"        [_thread_blocked, id=25308, stack(0x000000966ca00000,0x000000966cb00000) (1024K)]
  0x00000274f2336700 JavaThread "Unconstrained build operations Thread 3"        [_thread_blocked, id=31288, stack(0x000000966cb00000,0x000000966cc00000) (1024K)]
  0x00000274f23387d0 JavaThread "Unconstrained build operations Thread 4"        [_thread_blocked, id=26496, stack(0x000000966cc00000,0x000000966cd00000) (1024K)]
  0x00000274f23359e0 JavaThread "Unconstrained build operations Thread 5"        [_thread_blocked, id=20244, stack(0x000000966cd00000,0x000000966ce00000) (1024K)]
  0x00000274f0c5bd50 JavaThread "Unconstrained build operations Thread 6"        [_thread_blocked, id=32452, stack(0x000000966ce00000,0x000000966cf00000) (1024K)]
  0x00000274f0c5ca70 JavaThread "Unconstrained build operations Thread 7"        [_thread_blocked, id=8424, stack(0x000000966d000000,0x000000966d100000) (1024K)]
  0x00000274f0c5a9a0 JavaThread "Unconstrained build operations Thread 8"        [_thread_blocked, id=1408, stack(0x000000966d100000,0x000000966d200000) (1024K)]
  0x00000274f0c5f860 JavaThread "Unconstrained build operations Thread 9"        [_thread_blocked, id=476, stack(0x000000966d200000,0x000000966d300000) (1024K)]
  0x00000274f0c5e4b0 JavaThread "Unconstrained build operations Thread 10"        [_thread_blocked, id=26792, stack(0x000000966d300000,0x000000966d400000) (1024K)]
  0x00000274f0c5eb40 JavaThread "Unconstrained build operations Thread 11"        [_thread_blocked, id=2096, stack(0x000000966d400000,0x000000966d500000) (1024K)]
  0x00000274f0c5f1d0 JavaThread "Unconstrained build operations Thread 12"        [_thread_blocked, id=32480, stack(0x000000966d500000,0x000000966d600000) (1024K)]
  0x00000274f0c5fef0 JavaThread "Unconstrained build operations Thread 13"        [_thread_blocked, id=26056, stack(0x000000966d600000,0x000000966d700000) (1024K)]
  0x00000274f0c60580 JavaThread "Unconstrained build operations Thread 14"        [_thread_blocked, id=31540, stack(0x000000966d700000,0x000000966d800000) (1024K)]
  0x00000274f0c5d100 JavaThread "Unconstrained build operations Thread 15"        [_thread_blocked, id=32816, stack(0x000000966d800000,0x000000966d900000) (1024K)]
  0x00000274f0c612a0 JavaThread "Unconstrained build operations Thread 16"        [_thread_blocked, id=27764, stack(0x000000966d900000,0x000000966da00000) (1024K)]
  0x00000274f0c61930 JavaThread "Unconstrained build operations Thread 17"        [_thread_blocked, id=27996, stack(0x000000966da00000,0x000000966db00000) (1024K)]
  0x00000274f0c60c10 JavaThread "Unconstrained build operations Thread 18"        [_thread_blocked, id=13972, stack(0x000000966db00000,0x000000966dc00000) (1024K)]
  0x00000274f0c61fc0 JavaThread "Unconstrained build operations Thread 19"        [_thread_blocked, id=12408, stack(0x000000966dc00000,0x000000966dd00000) (1024K)]
  0x00000274f6011150 JavaThread "Unconstrained build operations Thread 20"        [_thread_blocked, id=28032, stack(0x000000966dd00000,0x000000966de00000) (1024K)]
  0x00000274f600dcd0 JavaThread "Unconstrained build operations Thread 21"        [_thread_blocked, id=17752, stack(0x000000966de00000,0x000000966df00000) (1024K)]
  0x00000274f600f710 JavaThread "Unconstrained build operations Thread 22"        [_thread_blocked, id=30732, stack(0x000000966df00000,0x000000966e000000) (1024K)]
  0x00000274f600fda0 JavaThread "Unconstrained build operations Thread 23"        [_thread_blocked, id=22968, stack(0x000000966e000000,0x000000966e100000) (1024K)]
  0x00000274f6010430 JavaThread "Unconstrained build operations Thread 24"        [_thread_blocked, id=5080, stack(0x000000966e100000,0x000000966e200000) (1024K)]
  0x00000274f6010ac0 JavaThread "Unconstrained build operations Thread 25"        [_thread_blocked, id=15520, stack(0x000000966e200000,0x000000966e300000) (1024K)]
  0x00000274f60117e0 JavaThread "Unconstrained build operations Thread 26"        [_thread_blocked, id=11716, stack(0x000000966e300000,0x000000966e400000) (1024K)]
  0x00000274f600e360 JavaThread "Unconstrained build operations Thread 27"        [_thread_blocked, id=5760, stack(0x000000966e400000,0x000000966e500000) (1024K)]
  0x00000274f600f080 JavaThread "Unconstrained build operations Thread 28"        [_thread_blocked, id=33500, stack(0x000000966e500000,0x000000966e600000) (1024K)]
  0x00000274f6011e70 JavaThread "Unconstrained build operations Thread 29"        [_thread_blocked, id=22788, stack(0x000000966e600000,0x000000966e700000) (1024K)]
  0x00000274f600e9f0 JavaThread "Unconstrained build operations Thread 30"        [_thread_blocked, id=25432, stack(0x000000966e700000,0x000000966e800000) (1024K)]
  0x00000274f6012500 JavaThread "Unconstrained build operations Thread 31"        [_thread_blocked, id=33616, stack(0x000000966e800000,0x000000966e900000) (1024K)]
  0x00000274f60152f0 JavaThread "Unconstrained build operations Thread 32"        [_thread_blocked, id=12212, stack(0x000000966e900000,0x000000966ea00000) (1024K)]
  0x00000274f6013f40 JavaThread "Unconstrained build operations Thread 33"        [_thread_blocked, id=28976, stack(0x000000966ea00000,0x000000966eb00000) (1024K)]
  0x00000274f6012b90 JavaThread "Unconstrained build operations Thread 34"        [_thread_blocked, id=17488, stack(0x000000966eb00000,0x000000966ec00000) (1024K)]
  0x00000274f60145d0 JavaThread "Unconstrained build operations Thread 35"        [_thread_blocked, id=28664, stack(0x000000966ec00000,0x000000966ed00000) (1024K)]
  0x00000274f6013220 JavaThread "Unconstrained build operations Thread 36"        [_thread_blocked, id=9912, stack(0x000000966ed00000,0x000000966ee00000) (1024K)]
  0x00000274f60138b0 JavaThread "Unconstrained build operations Thread 37"        [_thread_blocked, id=14036, stack(0x000000966ee00000,0x000000966ef00000) (1024K)]
  0x00000274f6014c60 JavaThread "Unconstrained build operations Thread 38"        [_thread_blocked, id=22984, stack(0x000000966ef00000,0x000000966f000000) (1024K)]
  0x00000274f39f21f0 JavaThread "Unconstrained build operations Thread 39"        [_thread_blocked, id=30696, stack(0x000000966f000000,0x000000966f100000) (1024K)]
  0x00000274f39f2880 JavaThread "Unconstrained build operations Thread 40"        [_thread_blocked, id=12800, stack(0x000000966f100000,0x000000966f200000) (1024K)]
  0x00000274f39f35a0 JavaThread "Unconstrained build operations Thread 41"        [_thread_blocked, id=11640, stack(0x000000966f200000,0x000000966f300000) (1024K)]
  0x00000274f39f3c30 JavaThread "Unconstrained build operations Thread 42"        [_thread_blocked, id=26956, stack(0x000000966f300000,0x000000966f400000) (1024K)]
  0x00000274f39f2f10 JavaThread "Unconstrained build operations Thread 43"        [_thread_blocked, id=16160, stack(0x000000966f400000,0x000000966f500000) (1024K)]
  0x00000274f39f42c0 JavaThread "Unconstrained build operations Thread 44"        [_thread_blocked, id=25104, stack(0x000000966f500000,0x000000966f600000) (1024K)]
  0x00000274f39f0e40 JavaThread "Unconstrained build operations Thread 45"        [_thread_blocked, id=27756, stack(0x000000966f600000,0x000000966f700000) (1024K)]
  0x00000274f39f1b60 JavaThread "Unconstrained build operations Thread 46"        [_thread_blocked, id=18380, stack(0x000000966f700000,0x000000966f800000) (1024K)]
  0x00000274f39f4950 JavaThread "Unconstrained build operations Thread 47"        [_thread_blocked, id=29132, stack(0x000000966f800000,0x000000966f900000) (1024K)]
  0x00000274f39f14d0 JavaThread "Unconstrained build operations Thread 48"        [_thread_blocked, id=17364, stack(0x000000966f900000,0x000000966fa00000) (1024K)]
  0x00000274f39f5d00 JavaThread "Unconstrained build operations Thread 49"        [_thread_blocked, id=2716, stack(0x000000966fa00000,0x000000966fb00000) (1024K)]
  0x00000274f39f7dd0 JavaThread "Unconstrained build operations Thread 50"        [_thread_blocked, id=31036, stack(0x000000966fb00000,0x000000966fc00000) (1024K)]
  0x00000274f39f6a20 JavaThread "Unconstrained build operations Thread 51"        [_thread_blocked, id=23436, stack(0x000000966fc00000,0x000000966fd00000) (1024K)]
  0x00000274f6cb6c50 JavaThread "build event listener"              [_thread_blocked, id=29260, stack(0x000000966fe00000,0x000000966ff00000) (1024K)]
  0x00000274f6cb8d20 JavaThread "Memory manager"                    [_thread_blocked, id=27912, stack(0x000000966fd00000,0x000000966fe00000) (1024K)]
  0x00000274f5450a00 JavaThread "ForkJoinPool.commonPool-worker-1" daemon [_thread_blocked, id=17644, stack(0x000000966ff00000,0x0000009670000000) (1024K)]
  0x00000274f5451720 JavaThread "ForkJoinPool.commonPool-worker-2" daemon [_thread_blocked, id=29804, stack(0x0000009670000000,0x0000009670100000) (1024K)]
  0x00000274f5453160 JavaThread "ForkJoinPool.commonPool-worker-3" daemon [_thread_blocked, id=31176, stack(0x0000009670100000,0x0000009670200000) (1024K)]
  0x00000274f5453e80 JavaThread "ForkJoinPool.commonPool-worker-4" daemon [_thread_blocked, id=11140, stack(0x0000009670200000,0x0000009670300000) (1024K)]
  0x00000274f5452ad0 JavaThread "ForkJoinPool.commonPool-worker-5" daemon [_thread_blocked, id=16560, stack(0x0000009670300000,0x0000009670400000) (1024K)]
  0x00000274f5454510 JavaThread "ForkJoinPool.commonPool-worker-6" daemon [_thread_blocked, id=32220, stack(0x0000009670400000,0x0000009670500000) (1024K)]
  0x00000274f54537f0 JavaThread "ForkJoinPool.commonPool-worker-7" daemon [_thread_blocked, id=16040, stack(0x0000009670500000,0x0000009670600000) (1024K)]
  0x00000274f5451090 JavaThread "ForkJoinPool.commonPool-worker-8" daemon [_thread_blocked, id=15156, stack(0x0000009670600000,0x0000009670700000) (1024K)]
  0x00000274f5455230 JavaThread "ForkJoinPool.commonPool-worker-9" daemon [_thread_blocked, id=17288, stack(0x0000009670700000,0x0000009670800000) (1024K)]
  0x00000274f5452440 JavaThread "Exec process"               daemon [_thread_blocked, id=18756, stack(0x0000009670800000,0x0000009670900000) (1024K)]
  0x00000274f5451db0 JavaThread "Exec process Thread 2"      daemon [_thread_blocked, id=26068, stack(0x0000009670900000,0x0000009670a00000) (1024K)]
  0x00000274f5457300 JavaThread "Exec process Thread 3"      daemon [_thread_blocked, id=23720, stack(0x0000009670a00000,0x0000009670b00000) (1024K)]
Total: 99

Other Threads:
  0x00000274d0458860 VMThread "VM Thread"                           [id=14372, stack(0x0000009669700000,0x0000009669800000) (1024K)]
  0x00000274d0445b60 WatcherThread "VM Periodic Task Thread"        [id=28240, stack(0x0000009669600000,0x0000009669700000) (1024K)]
  0x00000274b08be780 WorkerThread "GC Thread#0"                     [id=27360, stack(0x0000009669100000,0x0000009669200000) (1024K)]
  0x00000274d0b02700 WorkerThread "GC Thread#1"                     [id=24312, stack(0x000000966a200000,0x000000966a300000) (1024K)]
  0x00000274d0b02ab0 WorkerThread "GC Thread#2"                     [id=30256, stack(0x000000966a300000,0x000000966a400000) (1024K)]
  0x00000274d0b02e60 WorkerThread "GC Thread#3"                     [id=28372, stack(0x000000966a400000,0x000000966a500000) (1024K)]
  0x00000274d0b04180 WorkerThread "GC Thread#4"                     [id=32864, stack(0x000000966a500000,0x000000966a600000) (1024K)]
  0x00000274f14b4870 WorkerThread "GC Thread#5"                     [id=3136, stack(0x000000966a700000,0x000000966a800000) (1024K)]
  0x00000274f1ac1450 WorkerThread "GC Thread#6"                     [id=15536, stack(0x000000966a800000,0x000000966a900000) (1024K)]
  0x00000274f1ac1800 WorkerThread "GC Thread#7"                     [id=11828, stack(0x000000966a900000,0x000000966aa00000) (1024K)]
  0x00000274f1ac23c0 WorkerThread "GC Thread#8"                     [id=25860, stack(0x000000966aa00000,0x000000966ab00000) (1024K)]
  0x00000274f18a7c40 WorkerThread "GC Thread#9"                     [id=28076, stack(0x000000966ab00000,0x000000966ac00000) (1024K)]
  0x00000274f2085220 WorkerThread "GC Thread#10"                    [id=22504, stack(0x000000966b800000,0x000000966b900000) (1024K)]
  0x00000274f2083c00 WorkerThread "GC Thread#11"                    [id=29812, stack(0x000000966b900000,0x000000966ba00000) (1024K)]
  0x00000274f2083fb0 WorkerThread "GC Thread#12"                    [id=2548, stack(0x000000966ba00000,0x000000966bb00000) (1024K)]
  0x00000274b08cf680 ConcurrentGCThread "G1 Main Marker"            [id=31492, stack(0x0000009669200000,0x0000009669300000) (1024K)]
  0x00000274b08d1dd0 WorkerThread "G1 Conc#0"                       [id=5224, stack(0x0000009669300000,0x0000009669400000) (1024K)]
  0x00000274f2086490 WorkerThread "G1 Conc#1"                       [id=14004, stack(0x000000966bb00000,0x000000966bc00000) (1024K)]
  0x00000274f2086840 WorkerThread "G1 Conc#2"                       [id=33056, stack(0x000000966bc00000,0x000000966bd00000) (1024K)]
  0x00000274d0312df0 ConcurrentGCThread "G1 Refine#0"               [id=18588, stack(0x0000009669400000,0x0000009669500000) (1024K)]
  0x00000274d0314630 ConcurrentGCThread "G1 Service"                [id=14108, stack(0x0000009669500000,0x0000009669600000) (1024K)]
Total: 21

Threads with active compile tasks:
C2 CompilerThread0  69351 12185   !   4       sun.security.ssl.SSLCipher$T13GcmReadCipherGenerator$GcmReadCipher::decrypt (555 bytes)
Total: 1

VM state: not at safepoint (normal execution)

VM Mutex/Monitor currently owned by a thread: None

Heap address: 0x0000000700000000, size: 4096 MB, Compressed Oops mode: Zero based, Oop shift amount: 3

CDS archive(s) mapped at: [0x00000274d1000000-0x00000274d1c80000-0x00000274d1c80000), size 13107200, SharedBaseAddress: 0x00000274d1000000, ArchiveRelocationMode: 1.
Compressed class space mapped at: 0x00000274d2000000-0x00000274ec000000, reserved size: 436207616
Narrow klass base: 0x00000274d1000000, Narrow klass shift: 0, Narrow klass range: 0x100000000

GC Precious Log:
 CardTable entry size: 512
 Card Set container configuration: InlinePtr #cards 4 size 8 Array Of Cards #cards 16 size 48 Howl #buckets 8 coarsen threshold 3686 Howl Bitmap #cards 512 size 80 coarsen threshold 460 Card regions per heap region 1 cards per card region 4096
 CPUs: 16 total, 16 available
 Memory: 15789M
 Large Page Support: Disabled
 NUMA Support: Disabled
 Compressed Oops: Enabled (Zero based)
 Heap Region Size: 2M
 Heap Min Capacity: 8M
 Heap Initial Capacity: 248M
 Heap Max Capacity: 4G
 Pre-touch: Disabled
 Parallel Workers: 13
 Concurrent Workers: 3
 Concurrent Refinement Workers: 13
 Periodic GC: Disabled

Heap:
 garbage-first heap   total 141312K, used 90170K [0x0000000700000000, 0x0000000800000000)
  region size 2048K, 8 young (16384K), 3 survivors (6144K)
 Metaspace       used 85755K, committed 87936K, reserved 557056K
  class space    used 11977K, committed 13056K, reserved 425984K

Heap Regions: E=young(eden), S=young(survivor), O=old, HS=humongous(starts), HC=humongous(continues), CS=collection set, F=free, TAMS=top-at-mark-start, PB=parsable bottom
|   0|0x0000000700000000, 0x0000000700200000, 0x0000000700200000|100%|HS|  |TAMS 0x0000000700000000| PB 0x0000000700000000| Complete 
|   1|0x0000000700200000, 0x0000000700400000, 0x0000000700400000|100%|HC|  |TAMS 0x0000000700200000| PB 0x0000000700200000| Complete 
|   2|0x0000000700400000, 0x0000000700600000, 0x0000000700600000|100%| O|  |TAMS 0x0000000700400000| PB 0x0000000700400000| Untracked 
|   3|0x0000000700600000, 0x0000000700800000, 0x0000000700800000|100%| O|  |TAMS 0x0000000700600000| PB 0x0000000700600000| Untracked 
|   4|0x0000000700800000, 0x0000000700a00000, 0x0000000700a00000|100%| O|  |TAMS 0x0000000700800000| PB 0x0000000700800000| Untracked 
|   5|0x0000000700a00000, 0x0000000700c00000, 0x0000000700c00000|100%| O|  |TAMS 0x0000000700a00000| PB 0x0000000700a00000| Untracked 
|   6|0x0000000700c00000, 0x0000000700e00000, 0x0000000700e00000|100%| O|  |TAMS 0x0000000700c00000| PB 0x0000000700c00000| Untracked 
|   7|0x0000000700e00000, 0x0000000701000000, 0x0000000701000000|100%| O|  |TAMS 0x0000000700e00000| PB 0x0000000700e00000| Untracked 
|   8|0x0000000701000000, 0x0000000701200000, 0x0000000701200000|100%| O|  |TAMS 0x0000000701000000| PB 0x0000000701000000| Untracked 
|   9|0x0000000701200000, 0x0000000701400000, 0x0000000701400000|100%| O|  |TAMS 0x0000000701200000| PB 0x0000000701200000| Untracked 
|  10|0x0000000701400000, 0x0000000701600000, 0x0000000701600000|100%| O|  |TAMS 0x0000000701400000| PB 0x0000000701400000| Untracked 
|  11|0x0000000701600000, 0x0000000701800000, 0x0000000701800000|100%| O|  |TAMS 0x0000000701600000| PB 0x0000000701600000| Untracked 
|  12|0x0000000701800000, 0x0000000701a00000, 0x0000000701a00000|100%| O|  |TAMS 0x0000000701800000| PB 0x0000000701800000| Untracked 
|  13|0x0000000701a00000, 0x0000000701c00000, 0x0000000701c00000|100%| O|  |TAMS 0x0000000701a00000| PB 0x0000000701a00000| Untracked 
|  14|0x0000000701c00000, 0x0000000701d3a238, 0x0000000701e00000| 61%| O|  |TAMS 0x0000000701c00000| PB 0x0000000701c00000| Untracked 
|  15|0x0000000701e00000, 0x0000000702000000, 0x0000000702000000|100%| O|  |TAMS 0x0000000701e00000| PB 0x0000000701e00000| Untracked 
|  16|0x0000000702000000, 0x0000000702000000, 0x0000000702200000|  0%| F|  |TAMS 0x0000000702000000| PB 0x0000000702000000| Untracked 
|  17|0x0000000702200000, 0x0000000702400000, 0x0000000702400000|100%| O|  |TAMS 0x0000000702200000| PB 0x0000000702200000| Untracked 
|  18|0x0000000702400000, 0x0000000702600000, 0x0000000702600000|100%|HS|  |TAMS 0x0000000702400000| PB 0x0000000702400000| Complete 
|  19|0x0000000702600000, 0x0000000702800000, 0x0000000702800000|100%|HC|  |TAMS 0x0000000702600000| PB 0x0000000702600000| Complete 
|  20|0x0000000702800000, 0x0000000702a00000, 0x0000000702a00000|100%| O|  |TAMS 0x0000000702800000| PB 0x0000000702800000| Untracked 
|  21|0x0000000702a00000, 0x0000000702c00000, 0x0000000702c00000|100%| O|  |TAMS 0x0000000702a00000| PB 0x0000000702a00000| Untracked 
|  22|0x0000000702c00000, 0x0000000702e00000, 0x0000000702e00000|100%| O|Cm|TAMS 0x0000000702c00000| PB 0x0000000702c00000| Complete 
|  23|0x0000000702e00000, 0x0000000703000000, 0x0000000703000000|100%| O|Cm|TAMS 0x0000000702e00000| PB 0x0000000702e00000| Complete 
|  24|0x0000000703000000, 0x0000000703200000, 0x0000000703200000|100%|HS|  |TAMS 0x0000000703000000| PB 0x0000000703000000| Complete 
|  25|0x0000000703200000, 0x0000000703400000, 0x0000000703400000|100%|HC|  |TAMS 0x0000000703200000| PB 0x0000000703200000| Complete 
|  26|0x0000000703400000, 0x0000000703600000, 0x0000000703600000|100%| O|  |TAMS 0x0000000703400000| PB 0x0000000703400000| Untracked 
|  27|0x0000000703600000, 0x0000000703800000, 0x0000000703800000|100%| O|  |TAMS 0x0000000703600000| PB 0x0000000703600000| Untracked 
|  28|0x0000000703800000, 0x0000000703a00000, 0x0000000703a00000|100%| O|  |TAMS 0x0000000703800000| PB 0x0000000703800000| Untracked 
|  29|0x0000000703a00000, 0x0000000703c00000, 0x0000000703c00000|100%| O|  |TAMS 0x0000000703a00000| PB 0x0000000703a00000| Untracked 
|  30|0x0000000703c00000, 0x0000000703e00000, 0x0000000703e00000|100%| O|  |TAMS 0x0000000703c00000| PB 0x0000000703c00000| Untracked 
|  31|0x0000000703e00000, 0x0000000704000000, 0x0000000704000000|100%| O|  |TAMS 0x0000000703e00000| PB 0x0000000703e00000| Untracked 
|  32|0x0000000704000000, 0x0000000704200000, 0x0000000704200000|100%| O|  |TAMS 0x0000000704000000| PB 0x0000000704000000| Untracked 
|  33|0x0000000704200000, 0x0000000704400000, 0x0000000704400000|100%| O|  |TAMS 0x0000000704200000| PB 0x0000000704200000| Untracked 
|  34|0x0000000704400000, 0x0000000704400000, 0x0000000704600000|  0%| F|  |TAMS 0x0000000704400000| PB 0x0000000704400000| Untracked 
|  35|0x0000000704600000, 0x0000000704600000, 0x0000000704800000|  0%| F|  |TAMS 0x0000000704600000| PB 0x0000000704600000| Untracked 
|  36|0x0000000704800000, 0x0000000704800000, 0x0000000704a00000|  0%| F|  |TAMS 0x0000000704800000| PB 0x0000000704800000| Untracked 
|  37|0x0000000704a00000, 0x0000000704a00000, 0x0000000704c00000|  0%| F|  |TAMS 0x0000000704a00000| PB 0x0000000704a00000| Untracked 
|  38|0x0000000704c00000, 0x0000000704cd47c0, 0x0000000704e00000| 41%| S|CS|TAMS 0x0000000704c00000| PB 0x0000000704c00000| Complete 
|  39|0x0000000704e00000, 0x0000000705000000, 0x0000000705000000|100%| S|CS|TAMS 0x0000000704e00000| PB 0x0000000704e00000| Complete 
|  40|0x0000000705000000, 0x0000000705200000, 0x0000000705200000|100%| S|CS|TAMS 0x0000000705000000| PB 0x0000000705000000| Complete 
|  41|0x0000000705200000, 0x0000000705200000, 0x0000000705400000|  0%| F|  |TAMS 0x0000000705200000| PB 0x0000000705200000| Untracked 
|  42|0x0000000705400000, 0x0000000705400000, 0x0000000705600000|  0%| F|  |TAMS 0x0000000705400000| PB 0x0000000705400000| Untracked 
|  43|0x0000000705600000, 0x0000000705600000, 0x0000000705800000|  0%| F|  |TAMS 0x0000000705600000| PB 0x0000000705600000| Untracked 
|  44|0x0000000705800000, 0x0000000705800000, 0x0000000705a00000|  0%| F|  |TAMS 0x0000000705800000| PB 0x0000000705800000| Untracked 
|  45|0x0000000705a00000, 0x0000000705a00000, 0x0000000705c00000|  0%| F|  |TAMS 0x0000000705a00000| PB 0x0000000705a00000| Untracked 
|  46|0x0000000705c00000, 0x0000000705c00000, 0x0000000705e00000|  0%| F|  |TAMS 0x0000000705c00000| PB 0x0000000705c00000| Untracked 
|  47|0x0000000705e00000, 0x0000000705e00000, 0x0000000706000000|  0%| F|  |TAMS 0x0000000705e00000| PB 0x0000000705e00000| Untracked 
|  48|0x0000000706000000, 0x0000000706000000, 0x0000000706200000|  0%| F|  |TAMS 0x0000000706000000| PB 0x0000000706000000| Untracked 
|  49|0x0000000706200000, 0x0000000706200000, 0x0000000706400000|  0%| F|  |TAMS 0x0000000706200000| PB 0x0000000706200000| Untracked 
|  50|0x0000000706400000, 0x0000000706400000, 0x0000000706600000|  0%| F|  |TAMS 0x0000000706400000| PB 0x0000000706400000| Untracked 
|  51|0x0000000706600000, 0x0000000706600000, 0x0000000706800000|  0%| F|  |TAMS 0x0000000706600000| PB 0x0000000706600000| Untracked 
|  52|0x0000000706800000, 0x0000000706800000, 0x0000000706a00000|  0%| F|  |TAMS 0x0000000706800000| PB 0x0000000706800000| Untracked 
|  53|0x0000000706a00000, 0x0000000706a00000, 0x0000000706c00000|  0%| F|  |TAMS 0x0000000706a00000| PB 0x0000000706a00000| Untracked 
|  54|0x0000000706c00000, 0x0000000706c00000, 0x0000000706e00000|  0%| F|  |TAMS 0x0000000706c00000| PB 0x0000000706c00000| Untracked 
|  72|0x0000000709000000, 0x0000000709000000, 0x0000000709200000|  0%| F|  |TAMS 0x0000000709000000| PB 0x0000000709000000| Untracked 
|  73|0x0000000709200000, 0x0000000709200000, 0x0000000709400000|  0%| F|  |TAMS 0x0000000709200000| PB 0x0000000709200000| Untracked 
|  74|0x0000000709400000, 0x0000000709400000, 0x0000000709600000|  0%| F|  |TAMS 0x0000000709400000| PB 0x0000000709400000| Untracked 
|  75|0x0000000709600000, 0x0000000709600000, 0x0000000709800000|  0%| F|  |TAMS 0x0000000709600000| PB 0x0000000709600000| Untracked 
|  76|0x0000000709800000, 0x00000007098c3538, 0x0000000709a00000| 38%| E|  |TAMS 0x0000000709800000| PB 0x0000000709800000| Complete 
|  77|0x0000000709a00000, 0x0000000709c00000, 0x0000000709c00000|100%| E|CS|TAMS 0x0000000709a00000| PB 0x0000000709a00000| Complete 
|  78|0x0000000709c00000, 0x0000000709e00000, 0x0000000709e00000|100%| E|CS|TAMS 0x0000000709c00000| PB 0x0000000709c00000| Complete 
| 123|0x000000070f600000, 0x000000070f800000, 0x000000070f800000|100%| E|CS|TAMS 0x000000070f600000| PB 0x000000070f600000| Complete 
|2042|0x00000007ff400000, 0x00000007ff600000, 0x00000007ff600000|100%| O|  |TAMS 0x00000007ff400000| PB 0x00000007ff400000| Untracked 
|2043|0x00000007ff600000, 0x00000007ff800000, 0x00000007ff800000|100%| E|CS|TAMS 0x00000007ff600000| PB 0x00000007ff600000| Complete 
|2044|0x00000007ff800000, 0x00000007ffa00000, 0x00000007ffa00000|100%| O|  |TAMS 0x00000007ff800000| PB 0x00000007ff800000| Untracked 
|2045|0x00000007ffa00000, 0x00000007ffc00000, 0x00000007ffc00000|100%| O|  |TAMS 0x00000007ffa00000| PB 0x00000007ffa00000| Untracked 
|2046|0x00000007ffc00000, 0x00000007ffe00000, 0x00000007ffe00000|100%| O|  |TAMS 0x00000007ffc00000| PB 0x00000007ffc00000| Untracked 
|2047|0x00000007ffe00000, 0x0000000800000000, 0x0000000800000000|100%| O|  |TAMS 0x00000007ffe00000| PB 0x00000007ffe00000| Untracked 

Card table byte_map: [0x00000274c8fe0000,0x00000274c97e0000] _byte_map_base: 0x00000274c57e0000

Marking Bits: (CMBitMap*) 0x00000274b08beda0
 Bits: [0x00000274c97e0000, 0x00000274cd7e0000)

Polling page: 0x00000274ae710000

Metaspace:

Usage:
  Non-class:     72.05 MB used.
      Class:     11.70 MB used.
       Both:     83.75 MB used.

Virtual space:
  Non-class space:      128.00 MB reserved,      73.12 MB ( 57%) committed,  2 nodes.
      Class space:      416.00 MB reserved,      12.75 MB (  3%) committed,  1 nodes.
             Both:      544.00 MB reserved,      85.88 MB ( 16%) committed. 

Chunk freelists:
   Non-Class:  6.52 MB
       Class:  3.25 MB
        Both:  9.76 MB

MaxMetaspaceSize: 512.00 MB
CompressedClassSpaceSize: 416.00 MB
Initial GC threshold: 21.00 MB
Current GC threshold: 143.12 MB
CDS: on
 - commit_granule_bytes: 65536.
 - commit_granule_words: 8192.
 - virtual_space_node_default_size: 8388608.
 - enlarge_chunks_in_place: 1.
 - use_allocation_guard: 0.


Internal statistics:

num_allocs_failed_limit: 12.
num_arena_births: 3844.
num_arena_deaths: 0.
num_vsnodes_births: 3.
num_vsnodes_deaths: 0.
num_space_committed: 1374.
num_space_uncommitted: 0.
num_chunks_returned_to_freelist: 12.
num_chunks_taken_from_freelist: 7688.
num_chunk_merges: 12.
num_chunk_splits: 4957.
num_chunks_enlarged: 3045.
num_inconsistent_stats: 0.

CodeHeap 'non-profiled nmethods': size=119168Kb used=6056Kb max_used=6056Kb free=113111Kb
 bounds [0x00000274c0b00000, 0x00000274c10f0000, 0x00000274c7f60000]
CodeHeap 'profiled nmethods': size=119104Kb used=20686Kb max_used=21265Kb free=98417Kb
 bounds [0x00000274b8f60000, 0x00000274ba430000, 0x00000274c03b0000]
CodeHeap 'non-nmethods': size=7488Kb used=2733Kb max_used=4451Kb free=4754Kb
 bounds [0x00000274c03b0000, 0x00000274c0890000, 0x00000274c0b00000]
CodeCache: size=245760Kb, used=29475Kb, max_used=31772Kb, free=216282Kb
 total_blobs=11620, nmethods=10632, adapters=892, full_count=0
Compilation: enabled, stopped_count=0, restarted_count=0

Compilation events (20 events):
Event: 63.227 Thread 0x00000274d07d84f0 nmethod 12175 0x00000274c10e6f10 code [0x00000274c10e70c0, 0x00000274c10e72d8]
Event: 63.321 Thread 0x00000274d07d90c0 12176       1       java.lang.management.DefaultPlatformMBeanProvider$7::mbeanInterfaceNames (5 bytes)
Event: 63.321 Thread 0x00000274d07d90c0 nmethod 12176 0x00000274c10e7490 code [0x00000274c10e7620, 0x00000274c10e76f0]
Event: 63.321 Thread 0x00000274d07d90c0 12177       1       com.sun.management.internal.PlatformMBeanProviderImpl$2::mbeanInterfaceNames (5 bytes)
Event: 63.321 Thread 0x00000274d07d90c0 nmethod 12177 0x00000274c10e7790 code [0x00000274c10e7920, 0x00000274c10e79f0]
Event: 63.321 Thread 0x00000274d07d90c0 12178       1       com.sun.management.internal.PlatformMBeanProviderImpl$3::mbeanInterfaceNames (5 bytes)
Event: 63.321 Thread 0x00000274d07d90c0 nmethod 12178 0x00000274c10e7a90 code [0x00000274c10e7c20, 0x00000274c10e7cf0]
Event: 63.321 Thread 0x00000274d07d90c0 12179       1       java.lang.management.DefaultPlatformMBeanProvider$5::mbeanInterfaceNames (5 bytes)
Event: 63.321 Thread 0x00000274d07d90c0 nmethod 12179 0x00000274c10e7d90 code [0x00000274c10e7f20, 0x00000274c10e7ff0]
Event: 63.321 Thread 0x00000274d07d90c0 12180       1       java.lang.management.DefaultPlatformMBeanProvider$6::mbeanInterfaceNames (5 bytes)
Event: 63.321 Thread 0x00000274d07d90c0 nmethod 12180 0x00000274c10e8090 code [0x00000274c10e8220, 0x00000274c10e82f0]
Event: 64.161 Thread 0x00000274d07d84f0 12181       4       java.math.BigDecimal::longMultiplyPowerTen (69 bytes)
Event: 64.162 Thread 0x00000274d07d84f0 nmethod 12181 0x00000274c10e8390 code [0x00000274c10e8520, 0x00000274c10e86a0]
Event: 64.444 Thread 0x00000274d07d84f0 12182       4       org.gradle.internal.logging.progress.DefaultProgressLoggerFactory$ProgressLoggerImpl::assertRunning (63 bytes)
Event: 64.444 Thread 0x00000274d07d84f0 nmethod 12182 0x00000274c10e8810 code [0x00000274c10e89a0, 0x00000274c10e8a70]
Event: 66.692 Thread 0x00000274d07d84f0 12183       4       com.sun.crypto.provider.GCTR::update (208 bytes)
Event: 66.711 Thread 0x00000274d07d84f0 nmethod 12183 0x00000274c10e8b10 code [0x00000274c10e8d20, 0x00000274c10e9550]
Event: 67.096 Thread 0x00000274d07d84f0 12184       4       org.gradle.internal.event.ListenerBroadcast::dispatch (9 bytes)
Event: 67.096 Thread 0x00000274d07d84f0 nmethod 12184 0x00000274c10e9d90 code [0x00000274c10e9f20, 0x00000274c10ea018]
Event: 68.052 Thread 0x00000274d07d84f0 12185   !   4       sun.security.ssl.SSLCipher$T13GcmReadCipherGenerator$GcmReadCipher::decrypt (555 bytes)

GC Heap History (20 events):
Event: 21.455 GC heap before
{Heap before GC invocations=14 (full 0):
 garbage-first heap   total 116736K, used 59189K [0x0000000700000000, 0x0000000800000000)
  region size 2048K, 5 young (10240K), 4 survivors (8192K)
 Metaspace       used 58755K, committed 60608K, reserved 491520K
  class space    used 8391K, committed 9344K, reserved 425984K
}
Event: 21.461 GC heap after
{Heap after GC invocations=15 (full 0):
 garbage-first heap   total 116736K, used 61160K [0x0000000700000000, 0x0000000800000000)
  region size 2048K, 1 young (2048K), 1 survivors (2048K)
 Metaspace       used 58755K, committed 60608K, reserved 491520K
  class space    used 8391K, committed 9344K, reserved 425984K
}
Event: 23.075 GC heap before
{Heap before GC invocations=16 (full 0):
 garbage-first heap   total 116736K, used 102120K [0x0000000700000000, 0x0000000800000000)
  region size 2048K, 21 young (43008K), 1 survivors (2048K)
 Metaspace       used 62661K, committed 64512K, reserved 491520K
  class space    used 8925K, committed 9856K, reserved 425984K
}
Event: 23.079 GC heap after
{Heap after GC invocations=17 (full 0):
 garbage-first heap   total 116736K, used 63332K [0x0000000700000000, 0x0000000800000000)
  region size 2048K, 2 young (4096K), 2 survivors (4096K)
 Metaspace       used 62661K, committed 64512K, reserved 491520K
  class space    used 8925K, committed 9856K, reserved 425984K
}
Event: 24.085 GC heap before
{Heap before GC invocations=17 (full 0):
 garbage-first heap   total 116736K, used 102244K [0x0000000700000000, 0x0000000800000000)
  region size 2048K, 21 young (43008K), 2 survivors (4096K)
 Metaspace       used 65357K, committed 67200K, reserved 491520K
  class space    used 9277K, committed 10176K, reserved 425984K
}
Event: 24.090 GC heap after
{Heap after GC invocations=18 (full 0):
 garbage-first heap   total 116736K, used 63984K [0x0000000700000000, 0x0000000800000000)
  region size 2048K, 1 young (2048K), 1 survivors (2048K)
 Metaspace       used 65357K, committed 67200K, reserved 491520K
  class space    used 9277K, committed 10176K, reserved 425984K
}
Event: 25.169 GC heap before
{Heap before GC invocations=18 (full 0):
 garbage-first heap   total 116736K, used 104944K [0x0000000700000000, 0x0000000800000000)
  region size 2048K, 21 young (43008K), 1 survivors (2048K)
 Metaspace       used 68789K, committed 70848K, reserved 491520K
  class space    used 9847K, committed 10880K, reserved 425984K
}
Event: 25.174 GC heap after
{Heap after GC invocations=19 (full 0):
 garbage-first heap   total 116736K, used 65450K [0x0000000700000000, 0x0000000800000000)
  region size 2048K, 2 young (4096K), 2 survivors (4096K)
 Metaspace       used 68789K, committed 70848K, reserved 491520K
  class space    used 9847K, committed 10880K, reserved 425984K
}
Event: 26.215 GC heap before
{Heap before GC invocations=20 (full 0):
 garbage-first heap   total 116736K, used 104362K [0x0000000700000000, 0x0000000800000000)
  region size 2048K, 21 young (43008K), 2 survivors (4096K)
 Metaspace       used 71109K, committed 73216K, reserved 491520K
  class space    used 10191K, committed 11264K, reserved 425984K
}
Event: 26.219 GC heap after
{Heap after GC invocations=21 (full 0):
 garbage-first heap   total 116736K, used 67034K [0x0000000700000000, 0x0000000800000000)
  region size 2048K, 3 young (6144K), 3 survivors (6144K)
 Metaspace       used 71109K, committed 73216K, reserved 491520K
  class space    used 10191K, committed 11264K, reserved 425984K
}
Event: 27.352 GC heap before
{Heap before GC invocations=21 (full 0):
 garbage-first heap   total 116736K, used 103898K [0x0000000700000000, 0x0000000800000000)
  region size 2048K, 22 young (45056K), 3 survivors (6144K)
 Metaspace       used 72948K, committed 75072K, reserved 491520K
  class space    used 10422K, committed 11456K, reserved 425984K
}
Event: 27.360 GC heap after
{Heap after GC invocations=22 (full 0):
 garbage-first heap   total 118784K, used 70688K [0x0000000700000000, 0x0000000800000000)
  region size 2048K, 3 young (6144K), 3 survivors (6144K)
 Metaspace       used 72948K, committed 75072K, reserved 491520K
  class space    used 10422K, committed 11456K, reserved 425984K
}
Event: 29.281 GC heap before
{Heap before GC invocations=22 (full 0):
 garbage-first heap   total 118784K, used 107552K [0x0000000700000000, 0x0000000800000000)
  region size 2048K, 21 young (43008K), 3 survivors (6144K)
 Metaspace       used 73958K, committed 76096K, reserved 491520K
  class space    used 10521K, committed 11584K, reserved 425984K
}
Event: 29.289 GC heap after
{Heap after GC invocations=23 (full 0):
 garbage-first heap   total 120832K, used 75502K [0x0000000700000000, 0x0000000800000000)
  region size 2048K, 3 young (6144K), 3 survivors (6144K)
 Metaspace       used 73958K, committed 76096K, reserved 491520K
  class space    used 10521K, committed 11584K, reserved 425984K
}
Event: 32.145 GC heap before
{Heap before GC invocations=24 (full 0):
 garbage-first heap   total 131072K, used 106222K [0x0000000700000000, 0x0000000800000000)
  region size 2048K, 19 young (38912K), 3 survivors (6144K)
 Metaspace       used 80323K, committed 82560K, reserved 557056K
  class space    used 11328K, committed 12416K, reserved 425984K
}
Event: 32.153 GC heap after
{Heap after GC invocations=25 (full 0):
 garbage-first heap   total 131072K, used 78652K [0x0000000700000000, 0x0000000800000000)
  region size 2048K, 2 young (4096K), 2 survivors (4096K)
 Metaspace       used 80323K, committed 82560K, reserved 557056K
  class space    used 11328K, committed 12416K, reserved 425984K
}
Event: 34.242 GC heap before
{Heap before GC invocations=25 (full 0):
 garbage-first heap   total 131072K, used 115516K [0x0000000700000000, 0x0000000800000000)
  region size 2048K, 21 young (43008K), 2 survivors (4096K)
 Metaspace       used 84803K, committed 86912K, reserved 557056K
  class space    used 11901K, committed 12928K, reserved 425984K
}
Event: 34.248 GC heap after
{Heap after GC invocations=26 (full 0):
 garbage-first heap   total 131072K, used 79813K [0x0000000700000000, 0x0000000800000000)
  region size 2048K, 3 young (6144K), 3 survivors (6144K)
 Metaspace       used 84803K, committed 86912K, reserved 557056K
  class space    used 11901K, committed 12928K, reserved 425984K
}
Event: 52.027 GC heap before
{Heap before GC invocations=26 (full 0):
 garbage-first heap   total 131072K, used 116677K [0x0000000700000000, 0x0000000800000000)
  region size 2048K, 21 young (43008K), 3 survivors (6144K)
 Metaspace       used 85640K, committed 87808K, reserved 557056K
  class space    used 11977K, committed 13056K, reserved 425984K
}
Event: 52.032 GC heap after
{Heap after GC invocations=27 (full 0):
 garbage-first heap   total 131072K, used 81978K [0x0000000700000000, 0x0000000800000000)
  region size 2048K, 3 young (6144K), 3 survivors (6144K)
 Metaspace       used 85640K, committed 87808K, reserved 557056K
  class space    used 11977K, committed 13056K, reserved 425984K
}

Dll operation events (15 events):
Event: 0.015 Loaded shared library C:\Program Files\Eclipse Adoptium\jdk-21.0.10.7-hotspot\bin\java.dll
Event: 0.050 Loaded shared library C:\Program Files\Eclipse Adoptium\jdk-21.0.10.7-hotspot\bin\jsvml.dll
Event: 0.093 Loaded shared library C:\Program Files\Eclipse Adoptium\jdk-21.0.10.7-hotspot\bin\zip.dll
Event: 0.099 Loaded shared library C:\Program Files\Eclipse Adoptium\jdk-21.0.10.7-hotspot\bin\instrument.dll
Event: 0.105 Loaded shared library C:\Program Files\Eclipse Adoptium\jdk-21.0.10.7-hotspot\bin\net.dll
Event: 0.107 Loaded shared library C:\Program Files\Eclipse Adoptium\jdk-21.0.10.7-hotspot\bin\nio.dll
Event: 0.110 Loaded shared library C:\Program Files\Eclipse Adoptium\jdk-21.0.10.7-hotspot\bin\zip.dll
Event: 0.326 Loaded shared library C:\Program Files\Eclipse Adoptium\jdk-21.0.10.7-hotspot\bin\jimage.dll
Event: 0.471 Loaded shared library C:\Program Files\Eclipse Adoptium\jdk-21.0.10.7-hotspot\bin\verify.dll
Event: 0.606 Loaded shared library D:\gh\native\1def1411415f61bf3af743bc5b6707747c0891f09f0c88961ee8f79bc544acac\windows-amd64\native-platform.dll
Event: 0.636 Loaded shared library D:\gh\native\0.2.7\x86_64-windows-gnu\gradle-fileevents.dll
Event: 2.218 Loaded shared library C:\Program Files\Eclipse Adoptium\jdk-21.0.10.7-hotspot\bin\management.dll
Event: 2.225 Loaded shared library C:\Program Files\Eclipse Adoptium\jdk-21.0.10.7-hotspot\bin\management_ext.dll
Event: 2.534 Loaded shared library C:\Program Files\Eclipse Adoptium\jdk-21.0.10.7-hotspot\bin\extnet.dll
Event: 3.021 Loaded shared library C:\Program Files\Eclipse Adoptium\jdk-21.0.10.7-hotspot\bin\sunmscapi.dll

Deoptimization events (20 events):
Event: 51.759 Thread 0x00000274f1bf2310 Uncommon trap: trap_request=0xffffffde fr.pc=0x00000274c0d0275c relative=0x000000000000009c
Event: 51.759 Thread 0x00000274f1bf2310 Uncommon trap: reason=class_check action=maybe_recompile pc=0x00000274c0d0275c method=com.google.common.io.CountingInputStream.read([BII)I @ 7 c2
Event: 51.759 Thread 0x00000274f1bf2310 DEOPT PACKING pc=0x00000274c0d0275c sp=0x000000966b1f5cb0
Event: 51.759 Thread 0x00000274f1bf2310 DEOPT UNPACKING pc=0x00000274c0404422 sp=0x000000966b1f5c20 mode 2
Event: 51.759 Thread 0x00000274f1bf2310 Uncommon trap: trap_request=0xffffffde fr.pc=0x00000274c0d0275c relative=0x000000000000009c
Event: 51.759 Thread 0x00000274f1bf2310 Uncommon trap: reason=class_check action=maybe_recompile pc=0x00000274c0d0275c method=com.google.common.io.CountingInputStream.read([BII)I @ 7 c2
Event: 51.759 Thread 0x00000274f1bf2310 DEOPT PACKING pc=0x00000274c0d0275c sp=0x000000966b1f5cb0
Event: 51.759 Thread 0x00000274f1bf2310 DEOPT UNPACKING pc=0x00000274c0404422 sp=0x000000966b1f5c20 mode 2
Event: 52.033 Thread 0x00000274d047cd00 Uncommon trap: trap_request=0xffffff45 fr.pc=0x00000274c0d0d878 relative=0x00000000000006f8
Event: 52.033 Thread 0x00000274d047cd00 Uncommon trap: reason=unstable_if action=reinterpret pc=0x00000274c0d0d878 method=java.util.HashMap$HashIterator.<init>(Ljava/util/HashMap;)V @ 45 c2
Event: 52.033 Thread 0x00000274d047cd00 DEOPT PACKING pc=0x00000274c0d0d878 sp=0x00000096699ff3b0
Event: 52.033 Thread 0x00000274d047cd00 DEOPT UNPACKING pc=0x00000274c0404422 sp=0x00000096699ff240 mode 2
Event: 52.034 Thread 0x00000274d047cd00 Uncommon trap: trap_request=0xffffff45 fr.pc=0x00000274c0ed3cfc relative=0x000000000000013c
Event: 52.034 Thread 0x00000274d047cd00 Uncommon trap: reason=unstable_if action=reinterpret pc=0x00000274c0ed3cfc method=java.lang.ThreadLocal.get(Ljava/lang/Thread;)Ljava/lang/Object; @ 7 c2
Event: 52.034 Thread 0x00000274d047cd00 DEOPT PACKING pc=0x00000274c0ed3cfc sp=0x00000096699febc0
Event: 52.034 Thread 0x00000274d047cd00 DEOPT UNPACKING pc=0x00000274c0404422 sp=0x00000096699feae8 mode 2
Event: 53.287 Thread 0x00000274f1bf2310 Uncommon trap: trap_request=0xffffff76 fr.pc=0x00000274c1074518 relative=0x00000000000018b8
Event: 53.287 Thread 0x00000274f1bf2310 Uncommon trap: reason=predicate action=maybe_recompile pc=0x00000274c1074518 method=org.apache.commons.io.IOUtils.copyLarge(Ljava/io/InputStream;Ljava/io/OutputStream;[B)J @ 16 c2
Event: 53.287 Thread 0x00000274f1bf2310 DEOPT PACKING pc=0x00000274c1074518 sp=0x000000966b1f5ce0
Event: 53.287 Thread 0x00000274f1bf2310 DEOPT UNPACKING pc=0x00000274c0404422 sp=0x000000966b1f5d00 mode 2

Classes loaded (20 events):
Event: 40.909 Loading class sun/security/ssl/PreSharedKeyExtension$CHPreSharedKeySpec
Event: 40.910 Loading class sun/security/ssl/PreSharedKeyExtension$CHPreSharedKeySpec done
Event: 40.910 Loading class sun/security/ssl/PreSharedKeyExtension$PartialClientHelloMessage
Event: 40.911 Loading class sun/security/ssl/PreSharedKeyExtension$PartialClientHelloMessage done
Event: 40.911 Loading class sun/security/ssl/SSLEngineOutputRecord
Event: 40.912 Loading class sun/security/ssl/SSLEngineOutputRecord done
Event: 40.912 Loading class sun/security/ssl/SSLEngineOutputRecord$HandshakeFragment
Event: 40.913 Loading class sun/security/ssl/SSLEngineOutputRecord$HandshakeFragment done
Event: 40.913 Loading class sun/security/ssl/SSLEngineOutputRecord$HandshakeMemo
Event: 40.913 Loading class sun/security/ssl/SSLEngineOutputRecord$RecordMemo
Event: 40.913 Loading class sun/security/ssl/SSLEngineOutputRecord$RecordMemo done
Event: 40.913 Loading class sun/security/ssl/SSLEngineOutputRecord$HandshakeMemo done
Event: 40.930 Loading class sun/security/ssl/PreSharedKeyExtension$SHPreSharedKeySpec
Event: 40.930 Loading class sun/security/ssl/PreSharedKeyExtension$SHPreSharedKeySpec done
Event: 42.524 Loading class sun/security/ssl/Alert
Event: 42.525 Loading class sun/security/ssl/Alert done
Event: 42.525 Loading class sun/security/ssl/Alert$AlertConsumer
Event: 42.526 Loading class sun/security/ssl/Alert$AlertConsumer done
Event: 42.526 Loading class sun/security/ssl/Alert$Level
Event: 42.526 Loading class sun/security/ssl/Alert$Level done

Classes unloaded (0 events):
No events

Classes redefined (0 events):
No events

Internal exceptions (20 events):
Event: 29.831 Thread 0x00000274f1bf2310 Exception <a 'java/lang/NoSuchMethodError'{0x00000007093e4e18}: 'java.lang.Object java.lang.invoke.DirectMethodHandle$Holder.newInvokeSpecial(java.lang.Object, java.lang.Object, java.lang.Object, java.lang.Object, java.lang.Object, java.lang.Object, int)'> (0x00000007093e4e18) 
thrown [s\src\hotspot\share\interpreter\linkResolver.cpp, line 773]
Event: 29.832 Thread 0x00000274f1bf2310 Exception <a 'java/lang/NoSuchMethodError'{0x00000007093ea568}: 'java.lang.Object java.lang.invoke.DirectMethodHandle$Holder.invokeSpecial(java.lang.Object, java.lang.Object, java.lang.Object, java.lang.Object, java.lang.Object, java.lang.Object, java.lang.Object, int)'> (0x00000007093ea568) 
thrown [s\src\hotspot\share\interpreter\linkResolver.cpp, line 773]
Event: 29.832 Thread 0x00000274f1bf2310 Exception <a 'java/lang/NoSuchMethodError'{0x00000007093ef680}: 'java.lang.Object java.lang.invoke.Invokers$Holder.linkToTargetMethod(java.lang.Object, java.lang.Object, java.lang.Object, java.lang.Object, java.lang.Object, int, java.lang.Object)'> (0x00000007093ef680) 
thrown [s\src\hotspot\share\interpreter\linkResolver.cpp, line 773]
Event: 29.849 Thread 0x00000274f5450a00 Implicit null exception at 0x00000274c0dc1907 to 0x00000274c0dc19e8
Event: 29.849 Thread 0x00000274f5450a00 Implicit null exception at 0x00000274c0d3590e to 0x00000274c0d360fc
Event: 29.851 Thread 0x00000274f54537f0 Implicit null exception at 0x00000274c0eb608b to 0x00000274c0eb6164
Event: 29.969 Thread 0x00000274f5452440 Exception <a 'java/lang/NoSuchMethodError'{0x0000000706277878}: 'void java.lang.invoke.DirectMethodHandle$Holder.invokeStatic(java.lang.Object, long)'> (0x0000000706277878) 
thrown [s\src\hotspot\share\interpreter\linkResolver.cpp, line 773]
Event: 29.972 Thread 0x00000274f5452440 Exception <a 'java/lang/NoSuchMethodError'{0x0000000706281ef0}: 'java.lang.Object java.lang.invoke.DirectMethodHandle$Holder.invokeStaticInit(java.lang.Object, long, java.lang.Object)'> (0x0000000706281ef0) 
thrown [s\src\hotspot\share\interpreter\linkResolver.cpp, line 773]
Event: 31.431 Thread 0x00000274f1bf2310 Exception <a 'sun/nio/fs/WindowsException'{0x000000070600ae28}> (0x000000070600ae28) 
thrown [s\src\hotspot\share\prims\jni.cpp, line 520]
Event: 32.273 Thread 0x00000274f1bf2310 Implicit null exception at 0x00000274c0faff5d to 0x00000274c0fb01a0
Event: 32.697 Thread 0x00000274f1bf2310 Exception <a 'java/lang/NoSuchMethodError'{0x00000007092b8a70}: 'void java.lang.invoke.Invokers$Holder.invokeExact_MT(java.lang.Object, java.lang.Object, java.lang.Object, java.lang.Object)'> (0x00000007092b8a70) 
thrown [s\src\hotspot\share\interpreter\linkResolver.cpp, line 773]
Event: 32.699 Thread 0x00000274f1bf2310 Exception <a 'java/lang/NoSuchMethodError'{0x00000007092c0c80}: 'void java.lang.invoke.DelegatingMethodHandle$Holder.reinvoke_L(java.lang.Object, java.lang.Object, int)'> (0x00000007092c0c80) 
thrown [s\src\hotspot\share\interpreter\linkResolver.cpp, line 773]
Event: 32.700 Thread 0x00000274f1bf2310 Exception <a 'java/lang/NoSuchMethodError'{0x00000007092c8868}: 'void java.lang.invoke.Invokers$Holder.invokeExact_MT(java.lang.Object, java.lang.Object, int, java.lang.Object)'> (0x00000007092c8868) 
thrown [s\src\hotspot\share\interpreter\linkResolver.cpp, line 773]
Event: 34.123 Thread 0x00000274f1bf2310 Exception <a 'java/lang/NoSuchMethodError'{0x0000000704f98298}: 'long java.lang.invoke.DirectMethodHandle$Holder.invokeVirtual(java.lang.Object, java.lang.Object)'> (0x0000000704f98298) 
thrown [s\src\hotspot\share\interpreter\linkResolver.cpp, line 773]
Event: 34.125 Thread 0x00000274f1bf2310 Exception <a 'java/lang/NoSuchMethodError'{0x0000000704fa43f0}: 'int java.lang.invoke.DirectMethodHandle$Holder.invokeSpecialIFC(java.lang.Object, java.lang.Object, java.lang.Object, java.lang.Object, java.lang.Object)'> (0x0000000704fa43f0) 
thrown [s\src\hotspot\share\interpreter\linkResolver.cpp, line 773]
Event: 34.138 Thread 0x00000274f1bf2310 Exception <a 'java/lang/NoSuchMethodError'{0x0000000704c15198}: 'int java.lang.invoke.DirectMethodHandle$Holder.invokeSpecial(java.lang.Object, java.lang.Object, int)'> (0x0000000704c15198) 
thrown [s\src\hotspot\share\interpreter\linkResolver.cpp, line 773]
Event: 39.008 Thread 0x00000274f5452440 Exception <a 'java/io/IOException'{0x0000000709353488}: CreateProcess error=2, The system cannot find the file specified> (0x0000000709353488) 
thrown [s\src\hotspot\share\prims\jni.cpp, line 539]
Event: 46.258 Thread 0x00000274f5452440 Exception <a 'java/io/IOException'{0x00000007093738d8}: CreateProcess error=2, The system cannot find the file specified> (0x00000007093738d8) 
thrown [s\src\hotspot\share\prims\jni.cpp, line 539]
Event: 51.756 Thread 0x00000274f1bf2310 Exception <a 'java/lang/NoSuchMethodError'{0x000000070538b948}: 'void java.lang.invoke.DirectMethodHandle$Holder.invokeVirtual(java.lang.Object, java.lang.Object, long)'> (0x000000070538b948) 
thrown [s\src\hotspot\share\interpreter\linkResolver.cpp, line 773]
Event: 52.034 Thread 0x00000274d047cd00 Implicit null exception at 0x00000274c0ed3c0b to 0x00000274c0ed3ce4

ZGC Phase Switch (0 events):
No events

VM Operations (20 events):
Event: 55.121 Executing safepoint VM operation: Cleanup
Event: 55.122 Executing safepoint VM operation: Cleanup done
Event: 57.126 Executing safepoint VM operation: Cleanup
Event: 57.126 Executing safepoint VM operation: Cleanup done
Event: 60.140 Executing non-safepoint VM operation: HandshakeAllThreads (HandshakeForDeflation)
Event: 60.140 Executing non-safepoint VM operation: HandshakeAllThreads (HandshakeForDeflation) done
Event: 60.140 Executing safepoint VM operation: Cleanup
Event: 60.140 Executing safepoint VM operation: Cleanup done
Event: 60.140 Executing non-safepoint VM operation: RendezvousGCThreads
Event: 60.140 Executing non-safepoint VM operation: RendezvousGCThreads done
Event: 61.150 Executing safepoint VM operation: Cleanup
Event: 61.150 Executing safepoint VM operation: Cleanup done
Event: 62.151 Executing safepoint VM operation: Cleanup
Event: 62.151 Executing safepoint VM operation: Cleanup done
Event: 63.164 Executing safepoint VM operation: Cleanup
Event: 63.164 Executing safepoint VM operation: Cleanup done
Event: 65.179 Executing safepoint VM operation: Cleanup
Event: 65.179 Executing safepoint VM operation: Cleanup done
Event: 67.195 Executing safepoint VM operation: Cleanup
Event: 67.195 Executing safepoint VM operation: Cleanup done

Memory protections (0 events):
No events

Nmethod flushes (20 events):
Event: 52.068 Thread 0x00000274d0458860 flushing  nmethod 0x00000274c0f5f890
Event: 52.068 Thread 0x00000274d0458860 flushing  nmethod 0x00000274b8f9a290
Event: 52.068 Thread 0x00000274d0458860 flushing  nmethod 0x00000274b8fe2110
Event: 52.068 Thread 0x00000274d0458860 flushing  nmethod 0x00000274b9024b90
Event: 52.068 Thread 0x00000274d0458860 flushing  nmethod 0x00000274b9024f90
Event: 52.068 Thread 0x00000274d0458860 flushing  nmethod 0x00000274b9028a10
Event: 52.068 Thread 0x00000274d0458860 flushing  nmethod 0x00000274b902f190
Event: 52.068 Thread 0x00000274d0458860 flushing  nmethod 0x00000274b90af110
Event: 52.068 Thread 0x00000274d0458860 flushing  nmethod 0x00000274b952eb10
Event: 52.068 Thread 0x00000274d0458860 flushing  nmethod 0x00000274b95b3890
Event: 52.068 Thread 0x00000274d0458860 flushing  nmethod 0x00000274b95b7490
Event: 52.068 Thread 0x00000274d0458860 flushing  nmethod 0x00000274b9687a10
Event: 52.068 Thread 0x00000274d0458860 flushing  nmethod 0x00000274b968d790
Event: 52.068 Thread 0x00000274d0458860 flushing  nmethod 0x00000274b9847210
Event: 52.068 Thread 0x00000274d0458860 flushing  nmethod 0x00000274b992d810
Event: 52.068 Thread 0x00000274d0458860 flushing  nmethod 0x00000274b992e290
Event: 52.068 Thread 0x00000274d0458860 flushing  nmethod 0x00000274b9ae5210
Event: 52.068 Thread 0x00000274d0458860 flushing  nmethod 0x00000274b9bb1190
Event: 52.068 Thread 0x00000274d0458860 flushing  nmethod 0x00000274b9cd6310
Event: 52.068 Thread 0x00000274d0458860 flushing  nmethod 0x00000274b9e3b910

Events (20 events):
Event: 36.077 Thread 0x00000274f3182100 Thread exited: 0x00000274f3182100
Event: 36.077 Thread 0x00000274f5dd0820 Thread exited: 0x00000274f5dd0820
Event: 36.097 Thread 0x00000274f6215a20 Thread exited: 0x00000274f6215a20
Event: 36.896 Thread 0x00000274d07d90c0 Thread added: 0x00000274f6215a20
Event: 36.896 Thread 0x00000274d07d90c0 Thread added: 0x00000274f3182100
Event: 36.896 Thread 0x00000274d07d90c0 Thread added: 0x00000274f5dd0820
Event: 37.612 Thread 0x00000274f5dd0820 Thread exited: 0x00000274f5dd0820
Event: 37.612 Thread 0x00000274f3182100 Thread exited: 0x00000274f3182100
Event: 38.550 Thread 0x00000274f6215a20 Thread exited: 0x00000274f6215a20
Event: 40.872 Thread 0x00000274d07d84f0 Thread added: 0x00000274f6215a20
Event: 40.872 Thread 0x00000274d07d84f0 Thread added: 0x00000274f3182100
Event: 40.934 Thread 0x00000274f1bf2310 Thread added: 0x00000274f54565e0
Event: 40.934 Thread 0x00000274f54565e0 Thread exited: 0x00000274f54565e0
Event: 41.187 Thread 0x00000274f3182100 Thread exited: 0x00000274f3182100
Event: 41.344 Thread 0x00000274f6215a20 Thread exited: 0x00000274f6215a20
Event: 52.056 Thread 0x00000274d07d90c0 Thread added: 0x00000274f3182100
Event: 52.081 Thread 0x00000274d07d90c0 Thread added: 0x00000274f586b1f0
Event: 52.562 Thread 0x00000274f5457990 Thread exited: 0x00000274f5457990
Event: 52.925 Thread 0x00000274f586b1f0 Thread exited: 0x00000274f586b1f0
Event: 53.187 Thread 0x00000274f3182100 Thread exited: 0x00000274f3182100


Dynamic libraries:
0x00007ff794930000 - 0x00007ff79493e000 	C:\Program Files\Eclipse Adoptium\jdk-21.0.10.7-hotspot\bin\java.exe
0x00007ffaef8c0000 - 0x00007ffaefb26000 	C:\WINDOWS\SYSTEM32\ntdll.dll
0x00007ffaedf40000 - 0x00007ffaee009000 	C:\WINDOWS\System32\KERNEL32.DLL
0x00007ffaecc60000 - 0x00007ffaed05e000 	C:\WINDOWS\System32\KERNELBASE.dll
0x00007ffaed250000 - 0x00007ffaed39c000 	C:\WINDOWS\System32\ucrtbase.dll
0x00007ffa7ca50000 - 0x00007ffa7ca68000 	C:\Program Files\Eclipse Adoptium\jdk-21.0.10.7-hotspot\bin\jli.dll
0x00007ffa7ca70000 - 0x00007ffa7ca8e000 	C:\Program Files\Eclipse Adoptium\jdk-21.0.10.7-hotspot\bin\VCRUNTIME140.dll
0x00007ffaedd70000 - 0x00007ffaedf37000 	C:\WINDOWS\System32\USER32.dll
0x00007ffaecc30000 - 0x00007ffaecc57000 	C:\WINDOWS\System32\win32u.dll
0x00007ffad9e60000 - 0x00007ffada0f2000 	C:\WINDOWS\WinSxS\amd64_microsoft.windows.common-controls_6595b64144ccf1df_6.0.26100.8875_none_3e0d5d42e32fe9dd\COMCTL32.dll
0x00007ffaeeb60000 - 0x00007ffaeeb8b000 	C:\WINDOWS\System32\GDI32.dll
0x00007ffaee010000 - 0x00007ffaee0b9000 	C:\WINDOWS\System32\msvcrt.dll
0x00007ffaed070000 - 0x00007ffaed19a000 	C:\WINDOWS\System32\gdi32full.dll
0x00007ffaed1a0000 - 0x00007ffaed243000 	C:\WINDOWS\System32\msvcp_win.dll
0x00007ffaee110000 - 0x00007ffaee142000 	C:\WINDOWS\System32\IMM32.DLL
0x00007ffae1d40000 - 0x00007ffae1d4c000 	C:\Program Files\Eclipse Adoptium\jdk-21.0.10.7-hotspot\bin\vcruntime140_1.dll
0x00007ffa7beb0000 - 0x00007ffa7bf3d000 	C:\Program Files\Eclipse Adoptium\jdk-21.0.10.7-hotspot\bin\msvcp140.dll
0x00007ffa7b100000 - 0x00007ffa7bea1000 	C:\Program Files\Eclipse Adoptium\jdk-21.0.10.7-hotspot\bin\server\jvm.dll
0x00007ffaedb20000 - 0x00007ffaedbd7000 	C:\WINDOWS\System32\ADVAPI32.dll
0x00007ffaee940000 - 0x00007ffaee9ea000 	C:\WINDOWS\System32\sechost.dll
0x00007ffaee6a0000 - 0x00007ffaee7b8000 	C:\WINDOWS\System32\RPCRT4.dll
0x00007ffaee280000 - 0x00007ffaee300000 	C:\WINDOWS\System32\WS2_32.dll
0x00007ffaec940000 - 0x00007ffaec99e000 	C:\WINDOWS\SYSTEM32\POWRPROF.dll
0x00007ffae51d0000 - 0x00007ffae5206000 	C:\WINDOWS\SYSTEM32\WINMM.dll
0x00007ffae5210000 - 0x00007ffae521b000 	C:\WINDOWS\SYSTEM32\VERSION.dll
0x00007ffaec920000 - 0x00007ffaec934000 	C:\WINDOWS\SYSTEM32\UMPDC.dll
0x00007ffaeb7c0000 - 0x00007ffaeb7db000 	C:\WINDOWS\SYSTEM32\kernel.appcore.dll
0x00007ffab1430000 - 0x00007ffab143a000 	C:\Program Files\Eclipse Adoptium\jdk-21.0.10.7-hotspot\bin\jimage.dll
0x00007ffadeed0000 - 0x00007ffadf112000 	C:\WINDOWS\SYSTEM32\DBGHELP.DLL
0x00007ffaee310000 - 0x00007ffaee693000 	C:\WINDOWS\System32\combase.dll
0x00007ffaee7c0000 - 0x00007ffaee899000 	C:\WINDOWS\System32\OLEAUT32.dll
0x00007ffad0f40000 - 0x00007ffad0f7b000 	C:\WINDOWS\SYSTEM32\dbgcore.DLL
0x00007ffaecae0000 - 0x00007ffaecb8c000 	C:\WINDOWS\System32\bcryptPrimitives.dll
0x00007ffacb4e0000 - 0x00007ffacb4ef000 	C:\Program Files\Eclipse Adoptium\jdk-21.0.10.7-hotspot\bin\instrument.dll
0x00007ffa7ca30000 - 0x00007ffa7ca50000 	C:\Program Files\Eclipse Adoptium\jdk-21.0.10.7-hotspot\bin\java.dll
0x00007ffaef080000 - 0x00007ffaef812000 	C:\WINDOWS\System32\SHELL32.dll
0x00007ffaea580000 - 0x00007ffaeae12000 	C:\WINDOWS\SYSTEM32\windows.storage.dll
0x00007ffaee180000 - 0x00007ffaee277000 	C:\WINDOWS\System32\SHCORE.dll
0x00007ffaedd00000 - 0x00007ffaedd67000 	C:\WINDOWS\System32\shlwapi.dll
0x00007ffaeca00000 - 0x00007ffaeca29000 	C:\WINDOWS\SYSTEM32\profapi.dll
0x00007ffa7b020000 - 0x00007ffa7b0f7000 	C:\Program Files\Eclipse Adoptium\jdk-21.0.10.7-hotspot\bin\jsvml.dll
0x00007ffa7c3b0000 - 0x00007ffa7c3c8000 	C:\Program Files\Eclipse Adoptium\jdk-21.0.10.7-hotspot\bin\zip.dll
0x00007ffaaf8a0000 - 0x00007ffaaf8b0000 	C:\Program Files\Eclipse Adoptium\jdk-21.0.10.7-hotspot\bin\net.dll
0x00007ffae50a0000 - 0x00007ffae51c7000 	C:\WINDOWS\SYSTEM32\WINHTTP.dll
0x00007ffaebd70000 - 0x00007ffaebddc000 	C:\WINDOWS\system32\mswsock.dll
0x00007ffa7ca10000 - 0x00007ffa7ca26000 	C:\Program Files\Eclipse Adoptium\jdk-21.0.10.7-hotspot\bin\nio.dll
0x00007ffacd430000 - 0x00007ffacd440000 	C:\Program Files\Eclipse Adoptium\jdk-21.0.10.7-hotspot\bin\verify.dll
0x00007ffab9330000 - 0x00007ffab9357000 	D:\gh\native\1def1411415f61bf3af743bc5b6707747c0891f09f0c88961ee8f79bc544acac\windows-amd64\native-platform.dll
0x00007ffaa9330000 - 0x00007ffaa93a8000 	D:\gh\native\0.2.7\x86_64-windows-gnu\gradle-fileevents.dll
0x00007ffab9390000 - 0x00007ffab939a000 	C:\Program Files\Eclipse Adoptium\jdk-21.0.10.7-hotspot\bin\management.dll
0x00007ffab9380000 - 0x00007ffab938c000 	C:\Program Files\Eclipse Adoptium\jdk-21.0.10.7-hotspot\bin\management_ext.dll
0x00007ffaeef10000 - 0x00007ffaeef18000 	C:\WINDOWS\System32\PSAPI.DLL
0x00007ffaeb170000 - 0x00007ffaeb1a3000 	C:\WINDOWS\SYSTEM32\IPHLPAPI.DLL
0x00007ffaeef20000 - 0x00007ffaeef2a000 	C:\WINDOWS\System32\NSI.dll
0x00007ffab9320000 - 0x00007ffab9329000 	C:\Program Files\Eclipse Adoptium\jdk-21.0.10.7-hotspot\bin\extnet.dll
0x00007ffaec090000 - 0x00007ffaec0ab000 	C:\WINDOWS\SYSTEM32\CRYPTSP.dll
0x00007ffaeb720000 - 0x00007ffaeb759000 	C:\WINDOWS\system32\rsaenh.dll
0x00007ffaebe30000 - 0x00007ffaebe62000 	C:\WINDOWS\SYSTEM32\USERENV.dll
0x00007ffaec9d0000 - 0x00007ffaec9fa000 	C:\WINDOWS\SYSTEM32\bcrypt.dll
0x00007ffaec070000 - 0x00007ffaec07c000 	C:\WINDOWS\SYSTEM32\CRYPTBASE.dll
0x00007ffacb4d0000 - 0x00007ffacb4de000 	C:\Program Files\Eclipse Adoptium\jdk-21.0.10.7-hotspot\bin\sunmscapi.dll
0x00007ffaed3b0000 - 0x00007ffaed528000 	C:\WINDOWS\System32\CRYPT32.dll
0x00007ffaec2b0000 - 0x00007ffaec2e0000 	C:\WINDOWS\SYSTEM32\ncrypt.dll
0x00007ffaec260000 - 0x00007ffaec29f000 	C:\WINDOWS\SYSTEM32\NTASN1.dll
0x00007ffa9e840000 - 0x00007ffa9e848000 	C:\WINDOWS\system32\wshunix.dll
0x00007ffaeb1b0000 - 0x00007ffaeb306000 	C:\WINDOWS\SYSTEM32\DNSAPI.dll
0x00007ffaebb70000 - 0x00007ffaebb7d000 	C:\WINDOWS\SYSTEM32\DSPARSE.dll
0x00007ffae1df0000 - 0x00007ffae1dfb000 	C:\Windows\System32\rasadhlp.dll
0x00007ffae6360000 - 0x00007ffae63e6000 	C:\WINDOWS\System32\fwpuclnt.dll
0x00007ffae9a90000 - 0x00007ffae9b30000 	C:\WINDOWS\system32\apphelp.dll

JVMTI agents:
D:\gh\wrapper\dists\gradle-8.14.3-bin\cv11ve7ro1n3o1j4so8xd9n66\gradle-8.14.3\lib\agents\gradle-instrumentation-agent-8.14.3.jar path:C:\Program Files\Eclipse Adoptium\jdk-21.0.10.7-hotspot\bin\instrument.dll, loaded, initialized, instrumentlib options:none

dbghelp: loaded successfully - version: 4.0.5 - missing functions: none
symbol engine: initialized successfully - sym options: 0x614 - pdb path: .;C:\Program Files\Eclipse Adoptium\jdk-21.0.10.7-hotspot\bin;C:\WINDOWS\SYSTEM32;C:\WINDOWS\WinSxS\amd64_microsoft.windows.common-controls_6595b64144ccf1df_6.0.26100.8875_none_3e0d5d42e32fe9dd;C:\Program Files\Eclipse Adoptium\jdk-21.0.10.7-hotspot\bin\server;D:\gh\native\1def1411415f61bf3af743bc5b6707747c0891f09f0c88961ee8f79bc544acac\windows-amd64;D:\gh\native\0.2.7\x86_64-windows-gnu

VM Arguments:
jvm_args: --add-opens=java.base/java.lang=ALL-UNNAMED --add-opens=java.base/java.lang.invoke=ALL-UNNAMED --add-opens=java.base/java.util=ALL-UNNAMED --add-opens=java.prefs/java.util.prefs=ALL-UNNAMED --add-exports=jdk.compiler/com.sun.tools.javac.api=ALL-UNNAMED --add-exports=jdk.compiler/com.sun.tools.javac.util=ALL-UNNAMED --add-opens=java.base/java.util=ALL-UNNAMED --add-opens=java.prefs/java.util.prefs=ALL-UNNAMED --add-opens=java.base/java.nio.charset=ALL-UNNAMED --add-opens=java.base/java.net=ALL-UNNAMED --add-opens=java.base/java.util.concurrent.atomic=ALL-UNNAMED --add-opens=java.xml/javax.xml.namespace=ALL-UNNAMED -XX:MaxMetaspaceSize=512m -XX:+HeapDumpOnOutOfMemoryError -Xmx4096m -Dfile.encoding=UTF-8 -Duser.country=US -Duser.language=en -Duser.variant -javaagent:D:\gh\wrapper\dists\gradle-8.14.3-bin\cv11ve7ro1n3o1j4so8xd9n66\gradle-8.14.3\lib\agents\gradle-instrumentation-agent-8.14.3.jar 
java_command: org.gradle.launcher.daemon.bootstrap.GradleDaemon 8.14.3
java_class_path (initial): D:\gh\wrapper\dists\gradle-8.14.3-bin\cv11ve7ro1n3o1j4so8xd9n66\gradle-8.14.3\lib\gradle-daemon-main-8.14.3.jar
Launcher Type: SUN_STANDARD

[Global flags]
     intx CICompilerCount                          = 12                                        {product} {ergonomic}
   size_t CompressedClassSpaceSize                 = 436207616                                 {product} {ergonomic}
     uint ConcGCThreads                            = 3                                         {product} {ergonomic}
     uint G1ConcRefinementThreads                  = 13                                        {product} {ergonomic}
   size_t G1HeapRegionSize                         = 2097152                                   {product} {ergonomic}
    uintx GCDrainStackTargetSize                   = 64                                        {product} {ergonomic}
     bool HeapDumpOnOutOfMemoryError               = true                                   {manageable} {command line}
   size_t InitialHeapSize                          = 260046848                                 {product} {ergonomic}
   size_t MarkStackSize                            = 4194304                                   {product} {ergonomic}
   size_t MaxHeapSize                              = 4294967296                                {product} {command line}
   size_t MaxMetaspaceSize                         = 536870912                                 {product} {command line}
   size_t MaxNewSize                               = 2575302656                                {product} {ergonomic}
   size_t MinHeapDeltaBytes                        = 2097152                                   {product} {ergonomic}
   size_t MinHeapSize                              = 8388608                                   {product} {ergonomic}
    uintx NonNMethodCodeHeapSize                   = 7602480                                {pd product} {ergonomic}
    uintx NonProfiledCodeHeapSize                  = 122027880                              {pd product} {ergonomic}
    uintx ProfiledCodeHeapSize                     = 122027880                              {pd product} {ergonomic}
    uintx ReservedCodeCacheSize                    = 251658240                              {pd product} {ergonomic}
     bool SegmentedCodeCache                       = true                                      {product} {ergonomic}
   size_t SoftMaxHeapSize                          = 4294967296                             {manageable} {ergonomic}
     bool UseCompressedOops                        = true                           {product lp64_product} {ergonomic}
     bool UseG1GC                                  = true                                      {product} {ergonomic}
     bool UseLargePagesIndividualAllocation        = false                                  {pd product} {ergonomic}

Logging:
Log output configuration:
 #0: stdout all=warning uptime,level,tags foldmultilines=false
 #1: stderr all=off uptime,level,tags foldmultilines=false

Release file:
IMPLEMENTOR="Eclipse Adoptium" 
IMPLEMENTOR_VERSION="Temurin-21.0.10+7" 
JAVA_RUNTIME_VERSION="21.0.10+7-LTS" 
JAVA_VERSION="21.0.10" 
JAVA_VERSION_DATE="2026-01-20" 
LIBC="default" 
MODULES="java.base java.compiler java.datatransfer java.xml java.prefs java.desktop java.instrument java.logging java.management java.security.sasl java.naming java.rmi java.management.rmi java.net.http java.scripting java.security.jgss java.transaction.xa java.sql java.sql.rowset java.xml.crypto java.se java.smartcardio jdk.accessibility jdk.internal.jvmstat jdk.attach jdk.charsets jdk.internal.opt jdk.zipfs jdk.compiler jdk.crypto.ec jdk.crypto.cryptoki jdk.crypto.mscapi jdk.dynalink jdk.internal.ed jdk.editpad jdk.hotspot.agent jdk.httpserver jdk.incubator.vector jdk.internal.le jdk.internal.vm.ci jdk.internal.vm.compiler jdk.internal.vm.compiler.management jdk.jartool jdk.javadoc jdk.jcmd jdk.management jdk.management.agent jdk.jconsole jdk.jdeps jdk.jdwp.agent jdk.jdi jdk.jfr jdk.jlink jdk.jpackage jdk.jshell jdk.jsobject jdk.jstatd jdk.localedata jdk.management.jfr jdk.naming.dns jdk.naming.rmi jdk.net jdk.nio.mapmode jdk.random jdk.sctp jdk.security.auth jdk.security.jgss jdk.unsupported jdk.unsupported.desktop jdk.xml.dom" 
OS_ARCH="x86_64" 
OS_NAME="Windows" 
SOURCE=".:git:a633eafe0fcc" 
BUILD_SOURCE="git:458965074606f027bd5afce2cfd5c1055dea0438"
BUILD_SOURCE_REPO="https://github.com/adoptium/temurin-build.git"
SOURCE_REPO="https://github.com/adoptium/jdk21u.git"
FULL_VERSION="21.0.10+7-LTS"
SEMANTIC_VERSION="21.0.10+7"
BUILD_INFO="OS: Windows Server 2022 Version: 10.0"
JVM_VARIANT="Hotspot"
JVM_VERSION="21.0.10+7-LTS"
IMAGE_TYPE="JDK"

Environment Variables:
JAVA_HOME=C:\Program Files\Eclipse Adoptium\jdk-21.0.10.7-hotspot
PATH=C:\Users\abhis\bin;C:\Program Files\Git\mingw64\bin;C:\Program Files\Git\usr\local\bin;C:\Program Files\Git\usr\bin;C:\Program Files\Git\usr\bin;C:\Program Files\Git\mingw64\bin;C:\Program Files\Git\usr\bin;C:\Users\abhis\bin;C:\Program Files\Eclipse Adoptium\jdk-21.0.10.7-hotspot\bin;C:\Python312\Scripts;C:\Python312;C:\Program Files\Python38\Scripts;C:\Program Files\Python38;C:\Python310\Scripts;C:\Python310;C:\Windows\system32;C:\Windows;C:\Windows\System32\Wbem;C:\Windows\System32\WindowsPowerShell\v1.0;C:\Windows\System32\OpenSSH;C:\Program Files (x86)\NVIDIA Corporation\PhysX\Common;C:\Program Files\NVIDIA Corporation\NVIDIA NvDLISR;C:\Users\abhis\AppData\Roaming\nvm;C:\Program Files\nodejs;C:\WINDOWS\system32;C:\WINDOWS;C:\WINDOWS\System32\Wbem;C:\WINDOWS\System32\WindowsPowerShell\v1.0;C:\WINDOWS\System32\OpenSSH;C:\Program Files\Git\cmd;C:\ProgramData\chocolatey\bin;C:\Program Files (x86)\Versa Secure Access;C:\php-8.2.20;C:\composer;C:\Program Files\nodejs;C:\Users\abhis\Downloads\platform-tools-latest-windows (1)\platform-tools;C:\Program Files\Eclipse Adoptium\jdk-21.0.10.7-hotspot\bin;C:\Python312\Scripts;C:\Python312;C:\Program Files\Python38\Scripts;C:\Program Files\Python38;C:\Python310\Scripts;C:\Python310;C:\Windows\system32;C:\Windows;C:\Windows\System32\Wbem;C:\Windows\System32\WindowsPowerShell\v1.0;C:\Windows\System32\OpenSSH;C:\Program Files (x86)\NVIDIA Corporation\PhysX\Common;C:\Program Files\NVIDIA Corporation\NVIDIA NvDLISR;C:\Users\abhis\AppData\Roaming\nvm;C:\Program Files\nodejs;C:\WINDOWS\system32;C:\WINDOWS;C:\WINDOWS\System32\Wbem;C:\WINDOWS\System32\WindowsPowerShell\v1.0;C:\WINDOWS\System32\OpenSSH;C:\Program Files\Git\cmd;C:\ProgramData\chocolatey\bin;C:\Program Files (x86)\Versa Secure Access;C:\php-8.2.20;C:\composer;C:\Program Files\nodejs;C:\Python312\Scripts;C:\Python312;C:\Program Files\Python38\Scripts;C:\Program Files\Python38;C:\Python310\Scripts;C:\Python310;C:\Windows\system32;C:\Windows;C:\Windows\System32\Wbem;C:\Windows\System32\WindowsPowerShell\v1.0;C:\Windows\System32\Open;
USERNAME=abhis
SHELL=C:\Program Files\Git\bin\bash.exe
TERM=xterm-256color
OS=Windows_NT
PROCESSOR_IDENTIFIER=AMD64 Family 23 Model 96 Stepping 1, AuthenticAMD
TMP=D:\tmp
TEMP=D:\tmp




Periodic native trim disabled

---------------  S Y S T E M  ---------------

OS:
 Windows 11 , 64 bit Build 26100 (10.0.26100.8875)
OS uptime: 0 days 2:01 hours
Hyper-V role detected

CPU: total 16 (initial active 16) (16 cores per cpu, 2 threads per core) family 23 model 96 stepping 1 microcode 0x8600106, cx8, cmov, fxsr, ht, mmx, 3dnowpref, sse, sse2, sse3, ssse3, sse4a, sse4.1, sse4.2, popcnt, lzcnt, tsc, tscinvbit, avx, avx2, aes, clmul, bmi1, bmi2, adx, sha, fma, vzeroupper, clflush, clflushopt, hv, rdtscp, rdpid, f16c
Processor Information for the first 16 processors :
  Max Mhz: 2901, Current Mhz: 2901, Mhz Limit: 2901

Memory: 4k page, system-wide physical 15789M (546M free)
TotalPageFile size 36362M (AvailPageFile size 4M)
current process WorkingSet (physical memory assigned to process): 379M, peak: 383M
current process commit charge ("private bytes"): 439M, peak: 442M

vm_info: OpenJDK 64-Bit Server VM (21.0.10+7-LTS) for windows-amd64 JRE (21.0.10+7-LTS), built on 2026-01-20T00:00:00Z by "admin" with MS VC++ 17.12 (VS2022)

END.
